// Vitest Snapshot v1, https://vitest.dev/guide/snapshot.html

exports[`scripts snapshot — 4 נוסחים קבועים > AFTER_HOURS_SCRIPT מכיל 'המרפאה סגורה' + הפנייה לביה"ח 1`] = `"המרפאה סגורה כרגע וד"ר נועה אינה זמינה. לפי מה שתיארתם, מומלץ לא להמתין — פנו לבית חולים וטרינרי הפועל 24 שעות באזורכם. אפשר גם לקבוע תור להמשך מעקב אצל ד"ר נועה — תרצו?"`;

exports[`scripts snapshot — 4 נוסחים קבועים > EMERGENCY_SCRIPT מכיל הפנייה לבית חולים 1`] = `"מצב החיה נשמע חירום רפואי. פנו עכשיו לבית חולים וטרינרי הפועל 24 שעות באזורכם — אל תמתינו."`;

exports[`scripts snapshot — 4 נוסחים קבועים > ROUTINE_SCRIPT מכיל הצעת תור ואזהרת 'אם מחמיר' 1`] = `"תודה שתיארתם. לא זיהיתי סימנים שמצריכים טיפול חירום, ואשמח לקבוע תור לבדיקה אצל ד"ר נועה — מתי נוח לכם? ואם משהו משתנה או מחמיר — התקשרו אלינו מיד."`;

exports[`scripts snapshot — 4 נוסחים קבועים > URGENT_CALLBACK_SCRIPT מכיל העברה לנועה + אזהרה 1`] = `"קיבלתי, אני מעביר את הפנייה לד"ר נועה עכשיו ומנסה למצוא לכם חלון לשיחה קצרה עוד היום. חשוב: אם המצב מחמיר בינתיים — פנו לבית חולים וטרינרי, אל תמתינו."`;
